{"candidate_rank":0,"candidates_examined":1,"event":"asset_candidate_selected","required":4,"selected":1}
{"candidate_rank":1,"candidates_examined":2,"event":"asset_candidate_selected","required":4,"selected":2}
{"candidate_rank":2,"candidates_examined":3,"event":"asset_candidate_selected","required":4,"selected":3}
{"candidate_rank":3,"candidates_examined":4,"event":"asset_candidate_selected","required":4,"selected":4}
jit_cuda_api_init(): could not find symbol "cuInit" -- disabling CUDA backend!
jit_cuda_api_init(): could not find symbol "cuInit" -- disabling CUDA backend!
jit_cuda_api_init(): could not find symbol "cuInit" -- disabling CUDA backend!
jit_cuda_api_init(): could not find symbol "cuInit" -- disabling CUDA backend!
{"event":"formal_candidate_bank_started","scene_id":"osm-sionna-source-austin-bank-00","scene_index":4,"world_count":16}
{"event":"formal_candidate_bank_started","scene_id":"osm-sionna-source-austin-bank-02","scene_index":6,"world_count":16}
{"event":"formal_candidate_bank_started","scene_id":"osm-sionna-source-austin-bank-01","scene_index":5,"world_count":16}
{"event":"formal_candidate_bank_started","scene_id":"osm-sionna-source-austin-bank-03","scene_index":7,"world_count":16}
{"elapsed_seconds":26.55,"event":"formal_candidate_world_complete","scene_id":"osm-sionna-source-austin-bank-00","scene_index":4,"world_count":16,"world_index":0,"worlds_complete":1}
{"elapsed_seconds":31.262,"event":"formal_candidate_world_complete","scene_id":"osm-sionna-source-austin-bank-02","scene_index":6,"world_count":16,"world_index":0,"worlds_complete":1}
{"elapsed_seconds":33.014,"event":"formal_candidate_world_complete","scene_id":"osm-sionna-source-austin-bank-01","scene_index":5,"world_count":16,"world_index":0,"worlds_complete":1}
{"elapsed_seconds":35.426,"event":"formal_candidate_world_complete","scene_id":"osm-sionna-source-austin-bank-03","scene_index":7,"world_count":16,"world_index":0,"worlds_complete":1}
{"elapsed_seconds":50.505,"event":"formal_candidate_world_complete","scene_id":"osm-sionna-source-austin-bank-00","scene_index":4,"world_count":16,"world_index":1,"worlds_complete":2}
{"elapsed_seconds":59.75,"event":"formal_candidate_world_complete","scene_id":"osm-sionna-source-austin-bank-02","scene_index":6,"world_count":16,"world_index":1,"worlds_complete":2}
{"elapsed_seconds":63.279,"event":"formal_candidate_world_complete","scene_id":"osm-sionna-source-austin-bank-01","scene_index":5,"world_count":16,"world_index":1,"worlds_complete":2}
{"elapsed_seconds":69.562,"event":"formal_candidate_world_complete","scene_id":"osm-sionna-source-austin-bank-03","scene_index":7,"world_count":16,"world_index":1,"worlds_complete":2}
{"elapsed_seconds":74.468,"event":"formal_candidate_world_complete","scene_id":"osm-sionna-source-austin-bank-00","scene_index":4,"world_count":16,"world_index":2,"worlds_complete":3}
{"elapsed_seconds":88.328,"event":"formal_candidate_world_complete","scene_id":"osm-sionna-source-austin-bank-02","scene_index":6,"world_count":16,"world_index":2,"worlds_complete":3}
{"elapsed_seconds":93.439,"event":"formal_candidate_world_complete","scene_id":"osm-sionna-source-austin-bank-01","scene_index":5,"world_count":16,"world_index":2,"worlds_complete":3}
{"elapsed_seconds":98.336,"event":"formal_candidate_world_complete","scene_id":"osm-sionna-source-austin-bank-00","scene_index":4,"world_count":16,"world_index":3,"worlds_complete":4}
{"elapsed_seconds":103.5,"event":"formal_candidate_world_complete","scene_id":"osm-sionna-source-austin-bank-03","scene_index":7,"world_count":16,"world_index":2,"worlds_complete":3}
{"elapsed_seconds":116.913,"event":"formal_candidate_world_complete","scene_id":"osm-sionna-source-austin-bank-02","scene_index":6,"world_count":16,"world_index":3,"worlds_complete":4}
{"elapsed_seconds":122.305,"event":"formal_candidate_world_complete","scene_id":"osm-sionna-source-austin-bank-00","scene_index":4,"world_count":16,"world_index":4,"worlds_complete":5}
{"elapsed_seconds":123.596,"event":"formal_candidate_world_complete","scene_id":"osm-sionna-source-austin-bank-01","scene_index":5,"world_count":16,"world_index":3,"worlds_complete":4}
{"elapsed_seconds":137.366,"event":"formal_candidate_world_complete","scene_id":"osm-sionna-source-austin-bank-03","scene_index":7,"world_count":16,"world_index":3,"worlds_complete":4}
{"elapsed_seconds":145.365,"event":"formal_candidate_world_complete","scene_id":"osm-sionna-source-austin-bank-02","scene_index":6,"world_count":16,"world_index":4,"worlds_complete":5}
{"elapsed_seconds":146.34,"event":"formal_candidate_world_complete","scene_id":"osm-sionna-source-austin-bank-00","scene_index":4,"world_count":16,"world_index":5,"worlds_complete":6}
{"elapsed_seconds":153.919,"event":"formal_candidate_world_complete","scene_id":"osm-sionna-source-austin-bank-01","scene_index":5,"world_count":16,"world_index":4,"worlds_complete":5}
{"elapsed_seconds":170.403,"event":"formal_candidate_world_complete","scene_id":"osm-sionna-source-austin-bank-00","scene_index":4,"world_count":16,"world_index":6,"worlds_complete":7}
{"elapsed_seconds":171.305,"event":"formal_candidate_world_complete","scene_id":"osm-sionna-source-austin-bank-03","scene_index":7,"world_count":16,"world_index":4,"worlds_complete":5}
{"elapsed_seconds":173.795,"event":"formal_candidate_world_complete","scene_id":"osm-sionna-source-austin-bank-02","scene_index":6,"world_count":16,"world_index":5,"worlds_complete":6}
{"elapsed_seconds":184.043,"event":"formal_candidate_world_complete","scene_id":"osm-sionna-source-austin-bank-01","scene_index":5,"world_count":16,"world_index":5,"worlds_complete":6}
{"elapsed_seconds":194.475,"event":"formal_candidate_world_complete","scene_id":"osm-sionna-source-austin-bank-00","scene_index":4,"world_count":16,"world_index":7,"worlds_complete":8}
{"elapsed_seconds":202.247,"event":"formal_candidate_world_complete","scene_id":"osm-sionna-source-austin-bank-02","scene_index":6,"world_count":16,"world_index":6,"worlds_complete":7}
{"elapsed_seconds":205.488,"event":"formal_candidate_world_complete","scene_id":"osm-sionna-source-austin-bank-03","scene_index":7,"world_count":16,"world_index":5,"worlds_complete":6}
{"elapsed_seconds":214.145,"event":"formal_candidate_world_complete","scene_id":"osm-sionna-source-austin-bank-01","scene_index":5,"world_count":16,"world_index":6,"worlds_complete":7}
{"elapsed_seconds":218.589,"event":"formal_candidate_world_complete","scene_id":"osm-sionna-source-austin-bank-00","scene_index":4,"world_count":16,"world_index":8,"worlds_complete":9}
{"elapsed_seconds":230.793,"event":"formal_candidate_world_complete","scene_id":"osm-sionna-source-austin-bank-02","scene_index":6,"world_count":16,"world_index":7,"worlds_complete":8}
{"elapsed_seconds":239.367,"event":"formal_candidate_world_complete","scene_id":"osm-sionna-source-austin-bank-03","scene_index":7,"world_count":16,"world_index":6,"worlds_complete":7}
{"elapsed_seconds":242.524,"event":"formal_candidate_world_complete","scene_id":"osm-sionna-source-austin-bank-00","scene_index":4,"world_count":16,"world_index":9,"worlds_complete":10}
{"elapsed_seconds":244.359,"event":"formal_candidate_world_complete","scene_id":"osm-sionna-source-austin-bank-01","scene_index":5,"world_count":16,"world_index":7,"worlds_complete":8}
{"elapsed_seconds":259.433,"event":"formal_candidate_world_complete","scene_id":"osm-sionna-source-austin-bank-02","scene_index":6,"world_count":16,"world_index":8,"worlds_complete":9}
{"elapsed_seconds":266.404,"event":"formal_candidate_world_complete","scene_id":"osm-sionna-source-austin-bank-00","scene_index":4,"world_count":16,"world_index":10,"worlds_complete":11}
{"elapsed_seconds":273.228,"event":"formal_candidate_world_complete","scene_id":"osm-sionna-source-austin-bank-03","scene_index":7,"world_count":16,"world_index":7,"worlds_complete":8}
{"elapsed_seconds":274.563,"event":"formal_candidate_world_complete","scene_id":"osm-sionna-source-austin-bank-01","scene_index":5,"world_count":16,"world_index":8,"worlds_complete":9}
{"elapsed_seconds":287.932,"event":"formal_candidate_world_complete","scene_id":"osm-sionna-source-austin-bank-02","scene_index":6,"world_count":16,"world_index":9,"worlds_complete":10}
{"elapsed_seconds":290.258,"event":"formal_candidate_world_complete","scene_id":"osm-sionna-source-austin-bank-00","scene_index":4,"world_count":16,"world_index":11,"worlds_complete":12}
{"elapsed_seconds":304.751,"event":"formal_candidate_world_complete","scene_id":"osm-sionna-source-austin-bank-01","scene_index":5,"world_count":16,"world_index":9,"worlds_complete":10}
{"elapsed_seconds":307.228,"event":"formal_candidate_world_complete","scene_id":"osm-sionna-source-austin-bank-03","scene_index":7,"world_count":16,"world_index":8,"worlds_complete":9}
{"elapsed_seconds":314.137,"event":"formal_candidate_world_complete","scene_id":"osm-sionna-source-austin-bank-00","scene_index":4,"world_count":16,"world_index":12,"worlds_complete":13}
{"elapsed_seconds":316.519,"event":"formal_candidate_world_complete","scene_id":"osm-sionna-source-austin-bank-02","scene_index":6,"world_count":16,"world_index":10,"worlds_complete":11}
{"elapsed_seconds":334.942,"event":"formal_candidate_world_complete","scene_id":"osm-sionna-source-austin-bank-01","scene_index":5,"world_count":16,"world_index":10,"worlds_complete":11}
{"elapsed_seconds":337.95,"event":"formal_candidate_world_complete","scene_id":"osm-sionna-source-austin-bank-00","scene_index":4,"world_count":16,"world_index":13,"worlds_complete":14}
{"elapsed_seconds":341.209,"event":"formal_candidate_world_complete","scene_id":"osm-sionna-source-austin-bank-03","scene_index":7,"world_count":16,"world_index":9,"worlds_complete":10}
{"elapsed_seconds":345.044,"event":"formal_candidate_world_complete","scene_id":"osm-sionna-source-austin-bank-02","scene_index":6,"world_count":16,"world_index":11,"worlds_complete":12}
{"elapsed_seconds":361.957,"event":"formal_candidate_world_complete","scene_id":"osm-sionna-source-austin-bank-00","scene_index":4,"world_count":16,"world_index":14,"worlds_complete":15}
{"elapsed_seconds":365.083,"event":"formal_candidate_world_complete","scene_id":"osm-sionna-source-austin-bank-01","scene_index":5,"world_count":16,"world_index":11,"worlds_complete":12}
{"elapsed_seconds":373.587,"event":"formal_candidate_world_complete","scene_id":"osm-sionna-source-austin-bank-02","scene_index":6,"world_count":16,"world_index":12,"worlds_complete":13}
{"elapsed_seconds":375.371,"event":"formal_candidate_world_complete","scene_id":"osm-sionna-source-austin-bank-03","scene_index":7,"world_count":16,"world_index":10,"worlds_complete":11}
{"elapsed_seconds":385.848,"event":"formal_candidate_world_complete","scene_id":"osm-sionna-source-austin-bank-00","scene_index":4,"world_count":16,"world_index":15,"worlds_complete":16}
{"elapsed_seconds":387.372,"event":"pilot_bank_complete","scene_index":4}
{"elapsed_seconds":395.217,"event":"formal_candidate_world_complete","scene_id":"osm-sionna-source-austin-bank-01","scene_index":5,"world_count":16,"world_index":12,"worlds_complete":13}
{"elapsed_seconds":402.335,"event":"formal_candidate_world_complete","scene_id":"osm-sionna-source-austin-bank-02","scene_index":6,"world_count":16,"world_index":13,"worlds_complete":14}
{"elapsed_seconds":409.442,"event":"formal_candidate_world_complete","scene_id":"osm-sionna-source-austin-bank-03","scene_index":7,"world_count":16,"world_index":11,"worlds_complete":12}
{"elapsed_seconds":425.415,"event":"formal_candidate_world_complete","scene_id":"osm-sionna-source-austin-bank-01","scene_index":5,"world_count":16,"world_index":13,"worlds_complete":14}
{"elapsed_seconds":430.807,"event":"formal_candidate_world_complete","scene_id":"osm-sionna-source-austin-bank-02","scene_index":6,"world_count":16,"world_index":14,"worlds_complete":15}
{"elapsed_seconds":443.428,"event":"formal_candidate_world_complete","scene_id":"osm-sionna-source-austin-bank-03","scene_index":7,"world_count":16,"world_index":12,"worlds_complete":13}
{"elapsed_seconds":455.616,"event":"formal_candidate_world_complete","scene_id":"osm-sionna-source-austin-bank-01","scene_index":5,"world_count":16,"world_index":14,"worlds_complete":15}
{"elapsed_seconds":459.253,"event":"formal_candidate_world_complete","scene_id":"osm-sionna-source-austin-bank-02","scene_index":6,"world_count":16,"world_index":15,"worlds_complete":16}
{"elapsed_seconds":460.777,"event":"pilot_bank_complete","scene_index":6}
{"elapsed_seconds":477.375,"event":"formal_candidate_world_complete","scene_id":"osm-sionna-source-austin-bank-03","scene_index":7,"world_count":16,"world_index":13,"worlds_complete":14}
{"elapsed_seconds":485.909,"event":"formal_candidate_world_complete","scene_id":"osm-sionna-source-austin-bank-01","scene_index":5,"world_count":16,"world_index":15,"worlds_complete":16}
{"elapsed_seconds":487.404,"event":"pilot_bank_complete","scene_index":5}
{"elapsed_seconds":511.554,"event":"formal_candidate_world_complete","scene_id":"osm-sionna-source-austin-bank-03","scene_index":7,"world_count":16,"world_index":14,"worlds_complete":15}
{"elapsed_seconds":545.752,"event":"formal_candidate_world_complete","scene_id":"osm-sionna-source-austin-bank-03","scene_index":7,"world_count":16,"world_index":15,"worlds_complete":16}
{"elapsed_seconds":547.275,"event":"pilot_bank_complete","scene_index":7}
{"status": "PASS", "output": "/root/xunlian/Futaoran/\u6b63\u5f0f\u5f00\u59cb\u8bad\u7ec3/CSI-PAIRS-V5-V4-QUALITY-AUSTIN-RT-20260813T015959Z"}
