{"candidate_rank":0,"candidates_examined":1,"event":"asset_candidate_selected","required":4,"selected":1}
{"candidate_rank":1,"candidates_examined":2,"event":"asset_candidate_selected","required":4,"selected":2}
{"candidate_rank":2,"candidates_examined":3,"event":"asset_candidate_selected","required":4,"selected":3}
{"candidate_rank":3,"candidates_examined":4,"event":"asset_candidate_selected","required":4,"selected":4}
jit_cuda_api_init(): could not find symbol "cuInit" -- disabling CUDA backend!
jit_cuda_api_init(): could not find symbol "cuInit" -- disabling CUDA backend!
jit_cuda_api_init(): could not find symbol "cuInit" -- disabling CUDA backend!
jit_cuda_api_init(): could not find symbol "cuInit" -- disabling CUDA backend!
{"event":"formal_candidate_bank_started","scene_id":"osm-sionna-source-austin-bank-02","scene_index":6,"world_count":16}
{"event":"formal_candidate_bank_started","scene_id":"osm-sionna-source-austin-bank-03","scene_index":7,"world_count":16}
{"event":"formal_candidate_bank_started","scene_id":"osm-sionna-source-austin-bank-01","scene_index":5,"world_count":16}
{"event":"formal_candidate_bank_started","scene_id":"osm-sionna-source-austin-bank-00","scene_index":4,"world_count":16}
{"elapsed_seconds":25.3,"event":"formal_candidate_world_complete","scene_id":"osm-sionna-source-austin-bank-00","scene_index":4,"world_count":16,"world_index":0,"worlds_complete":1}
{"elapsed_seconds":29.952,"event":"formal_candidate_world_complete","scene_id":"osm-sionna-source-austin-bank-02","scene_index":6,"world_count":16,"world_index":0,"worlds_complete":1}
{"elapsed_seconds":31.874,"event":"formal_candidate_world_complete","scene_id":"osm-sionna-source-austin-bank-01","scene_index":5,"world_count":16,"world_index":0,"worlds_complete":1}
{"elapsed_seconds":35.397,"event":"formal_candidate_world_complete","scene_id":"osm-sionna-source-austin-bank-03","scene_index":7,"world_count":16,"world_index":0,"worlds_complete":1}
{"elapsed_seconds":49.254,"event":"formal_candidate_world_complete","scene_id":"osm-sionna-source-austin-bank-00","scene_index":4,"world_count":16,"world_index":1,"worlds_complete":2}
{"elapsed_seconds":58.68,"event":"formal_candidate_world_complete","scene_id":"osm-sionna-source-austin-bank-02","scene_index":6,"world_count":16,"world_index":1,"worlds_complete":2}
{"elapsed_seconds":62.372,"event":"formal_candidate_world_complete","scene_id":"osm-sionna-source-austin-bank-01","scene_index":5,"world_count":16,"world_index":1,"worlds_complete":2}
{"elapsed_seconds":69.256,"event":"formal_candidate_world_complete","scene_id":"osm-sionna-source-austin-bank-03","scene_index":7,"world_count":16,"world_index":1,"worlds_complete":2}
{"elapsed_seconds":73.289,"event":"formal_candidate_world_complete","scene_id":"osm-sionna-source-austin-bank-00","scene_index":4,"world_count":16,"world_index":2,"worlds_complete":3}
{"elapsed_seconds":87.309,"event":"formal_candidate_world_complete","scene_id":"osm-sionna-source-austin-bank-02","scene_index":6,"world_count":16,"world_index":2,"worlds_complete":3}
{"elapsed_seconds":92.745,"event":"formal_candidate_world_complete","scene_id":"osm-sionna-source-austin-bank-01","scene_index":5,"world_count":16,"world_index":2,"worlds_complete":3}
{"elapsed_seconds":97.173,"event":"formal_candidate_world_complete","scene_id":"osm-sionna-source-austin-bank-00","scene_index":4,"world_count":16,"world_index":3,"worlds_complete":4}
{"elapsed_seconds":103.363,"event":"formal_candidate_world_complete","scene_id":"osm-sionna-source-austin-bank-03","scene_index":7,"world_count":16,"world_index":2,"worlds_complete":3}
{"elapsed_seconds":115.892,"event":"formal_candidate_world_complete","scene_id":"osm-sionna-source-austin-bank-02","scene_index":6,"world_count":16,"world_index":3,"worlds_complete":4}
{"elapsed_seconds":121.206,"event":"formal_candidate_world_complete","scene_id":"osm-sionna-source-austin-bank-00","scene_index":4,"world_count":16,"world_index":4,"worlds_complete":5}
{"elapsed_seconds":123.052,"event":"formal_candidate_world_complete","scene_id":"osm-sionna-source-austin-bank-01","scene_index":5,"world_count":16,"world_index":3,"worlds_complete":4}
{"elapsed_seconds":137.349,"event":"formal_candidate_world_complete","scene_id":"osm-sionna-source-austin-bank-03","scene_index":7,"world_count":16,"world_index":3,"worlds_complete":4}
{"elapsed_seconds":144.483,"event":"formal_candidate_world_complete","scene_id":"osm-sionna-source-austin-bank-02","scene_index":6,"world_count":16,"world_index":4,"worlds_complete":5}
{"elapsed_seconds":145.131,"event":"formal_candidate_world_complete","scene_id":"osm-sionna-source-austin-bank-00","scene_index":4,"world_count":16,"world_index":5,"worlds_complete":6}
{"elapsed_seconds":153.277,"event":"formal_candidate_world_complete","scene_id":"osm-sionna-source-austin-bank-01","scene_index":5,"world_count":16,"world_index":4,"worlds_complete":5}
{"elapsed_seconds":169.093,"event":"formal_candidate_world_complete","scene_id":"osm-sionna-source-austin-bank-00","scene_index":4,"world_count":16,"world_index":6,"worlds_complete":7}
{"elapsed_seconds":171.297,"event":"formal_candidate_world_complete","scene_id":"osm-sionna-source-austin-bank-03","scene_index":7,"world_count":16,"world_index":4,"worlds_complete":5}
{"elapsed_seconds":173.013,"event":"formal_candidate_world_complete","scene_id":"osm-sionna-source-austin-bank-02","scene_index":6,"world_count":16,"world_index":5,"worlds_complete":6}
{"elapsed_seconds":183.614,"event":"formal_candidate_world_complete","scene_id":"osm-sionna-source-austin-bank-01","scene_index":5,"world_count":16,"world_index":5,"worlds_complete":6}
{"elapsed_seconds":192.952,"event":"formal_candidate_world_complete","scene_id":"osm-sionna-source-austin-bank-00","scene_index":4,"world_count":16,"world_index":7,"worlds_complete":8}
{"elapsed_seconds":201.567,"event":"formal_candidate_world_complete","scene_id":"osm-sionna-source-austin-bank-02","scene_index":6,"world_count":16,"world_index":6,"worlds_complete":7}
{"elapsed_seconds":205.178,"event":"formal_candidate_world_complete","scene_id":"osm-sionna-source-austin-bank-03","scene_index":7,"world_count":16,"world_index":5,"worlds_complete":6}
{"elapsed_seconds":213.861,"event":"formal_candidate_world_complete","scene_id":"osm-sionna-source-austin-bank-01","scene_index":5,"world_count":16,"world_index":6,"worlds_complete":7}
{"elapsed_seconds":216.781,"event":"formal_candidate_world_complete","scene_id":"osm-sionna-source-austin-bank-00","scene_index":4,"world_count":16,"world_index":8,"worlds_complete":9}
{"elapsed_seconds":230.089,"event":"formal_candidate_world_complete","scene_id":"osm-sionna-source-austin-bank-02","scene_index":6,"world_count":16,"world_index":7,"worlds_complete":8}
{"elapsed_seconds":239.052,"event":"formal_candidate_world_complete","scene_id":"osm-sionna-source-austin-bank-03","scene_index":7,"world_count":16,"world_index":6,"worlds_complete":7}
{"elapsed_seconds":240.782,"event":"formal_candidate_world_complete","scene_id":"osm-sionna-source-austin-bank-00","scene_index":4,"world_count":16,"world_index":9,"worlds_complete":10}
{"elapsed_seconds":244.193,"event":"formal_candidate_world_complete","scene_id":"osm-sionna-source-austin-bank-01","scene_index":5,"world_count":16,"world_index":7,"worlds_complete":8}
{"elapsed_seconds":258.594,"event":"formal_candidate_world_complete","scene_id":"osm-sionna-source-austin-bank-02","scene_index":6,"world_count":16,"world_index":8,"worlds_complete":9}
{"elapsed_seconds":264.682,"event":"formal_candidate_world_complete","scene_id":"osm-sionna-source-austin-bank-00","scene_index":4,"world_count":16,"world_index":10,"worlds_complete":11}
{"elapsed_seconds":272.964,"event":"formal_candidate_world_complete","scene_id":"osm-sionna-source-austin-bank-03","scene_index":7,"world_count":16,"world_index":7,"worlds_complete":8}
{"elapsed_seconds":274.476,"event":"formal_candidate_world_complete","scene_id":"osm-sionna-source-austin-bank-01","scene_index":5,"world_count":16,"world_index":8,"worlds_complete":9}
{"elapsed_seconds":287.149,"event":"formal_candidate_world_complete","scene_id":"osm-sionna-source-austin-bank-02","scene_index":6,"world_count":16,"world_index":9,"worlds_complete":10}
{"elapsed_seconds":288.579,"event":"formal_candidate_world_complete","scene_id":"osm-sionna-source-austin-bank-00","scene_index":4,"world_count":16,"world_index":11,"worlds_complete":12}
{"elapsed_seconds":304.847,"event":"formal_candidate_world_complete","scene_id":"osm-sionna-source-austin-bank-01","scene_index":5,"world_count":16,"world_index":9,"worlds_complete":10}
{"elapsed_seconds":306.996,"event":"formal_candidate_world_complete","scene_id":"osm-sionna-source-austin-bank-03","scene_index":7,"world_count":16,"world_index":8,"worlds_complete":9}
{"elapsed_seconds":312.513,"event":"formal_candidate_world_complete","scene_id":"osm-sionna-source-austin-bank-00","scene_index":4,"world_count":16,"world_index":12,"worlds_complete":13}
{"elapsed_seconds":315.717,"event":"formal_candidate_world_complete","scene_id":"osm-sionna-source-austin-bank-02","scene_index":6,"world_count":16,"world_index":10,"worlds_complete":11}
{"elapsed_seconds":335.235,"event":"formal_candidate_world_complete","scene_id":"osm-sionna-source-austin-bank-01","scene_index":5,"world_count":16,"world_index":10,"worlds_complete":11}
{"elapsed_seconds":336.473,"event":"formal_candidate_world_complete","scene_id":"osm-sionna-source-austin-bank-00","scene_index":4,"world_count":16,"world_index":13,"worlds_complete":14}
{"elapsed_seconds":340.823,"event":"formal_candidate_world_complete","scene_id":"osm-sionna-source-austin-bank-03","scene_index":7,"world_count":16,"world_index":9,"worlds_complete":10}
{"elapsed_seconds":344.348,"event":"formal_candidate_world_complete","scene_id":"osm-sionna-source-austin-bank-02","scene_index":6,"world_count":16,"world_index":11,"worlds_complete":12}
{"elapsed_seconds":360.522,"event":"formal_candidate_world_complete","scene_id":"osm-sionna-source-austin-bank-00","scene_index":4,"world_count":16,"world_index":14,"worlds_complete":15}
{"elapsed_seconds":365.636,"event":"formal_candidate_world_complete","scene_id":"osm-sionna-source-austin-bank-01","scene_index":5,"world_count":16,"world_index":11,"worlds_complete":12}
{"elapsed_seconds":372.925,"event":"formal_candidate_world_complete","scene_id":"osm-sionna-source-austin-bank-02","scene_index":6,"world_count":16,"world_index":12,"worlds_complete":13}
{"elapsed_seconds":374.682,"event":"formal_candidate_world_complete","scene_id":"osm-sionna-source-austin-bank-03","scene_index":7,"world_count":16,"world_index":10,"worlds_complete":11}
{"elapsed_seconds":384.452,"event":"formal_candidate_world_complete","scene_id":"osm-sionna-source-austin-bank-00","scene_index":4,"world_count":16,"world_index":15,"worlds_complete":16}
{"elapsed_seconds":386.305,"event":"pilot_bank_complete","scene_index":4}
{"elapsed_seconds":395.963,"event":"formal_candidate_world_complete","scene_id":"osm-sionna-source-austin-bank-01","scene_index":5,"world_count":16,"world_index":12,"worlds_complete":13}
{"elapsed_seconds":401.484,"event":"formal_candidate_world_complete","scene_id":"osm-sionna-source-austin-bank-02","scene_index":6,"world_count":16,"world_index":13,"worlds_complete":14}
{"elapsed_seconds":408.542,"event":"formal_candidate_world_complete","scene_id":"osm-sionna-source-austin-bank-03","scene_index":7,"world_count":16,"world_index":11,"worlds_complete":12}
{"elapsed_seconds":426.209,"event":"formal_candidate_world_complete","scene_id":"osm-sionna-source-austin-bank-01","scene_index":5,"world_count":16,"world_index":13,"worlds_complete":14}
{"elapsed_seconds":429.899,"event":"formal_candidate_world_complete","scene_id":"osm-sionna-source-austin-bank-02","scene_index":6,"world_count":16,"world_index":14,"worlds_complete":15}
{"elapsed_seconds":442.397,"event":"formal_candidate_world_complete","scene_id":"osm-sionna-source-austin-bank-03","scene_index":7,"world_count":16,"world_index":12,"worlds_complete":13}
{"elapsed_seconds":456.475,"event":"formal_candidate_world_complete","scene_id":"osm-sionna-source-austin-bank-01","scene_index":5,"world_count":16,"world_index":14,"worlds_complete":15}
{"elapsed_seconds":458.357,"event":"formal_candidate_world_complete","scene_id":"osm-sionna-source-austin-bank-02","scene_index":6,"world_count":16,"world_index":15,"worlds_complete":16}
{"elapsed_seconds":460.182,"event":"pilot_bank_complete","scene_index":6}
{"elapsed_seconds":476.234,"event":"formal_candidate_world_complete","scene_id":"osm-sionna-source-austin-bank-03","scene_index":7,"world_count":16,"world_index":13,"worlds_complete":14}
{"elapsed_seconds":486.725,"event":"formal_candidate_world_complete","scene_id":"osm-sionna-source-austin-bank-01","scene_index":5,"world_count":16,"world_index":15,"worlds_complete":16}
{"elapsed_seconds":488.675,"event":"pilot_bank_complete","scene_index":5}
{"elapsed_seconds":510.191,"event":"formal_candidate_world_complete","scene_id":"osm-sionna-source-austin-bank-03","scene_index":7,"world_count":16,"world_index":14,"worlds_complete":15}
{"elapsed_seconds":544.339,"event":"formal_candidate_world_complete","scene_id":"osm-sionna-source-austin-bank-03","scene_index":7,"world_count":16,"world_index":15,"worlds_complete":16}
{"elapsed_seconds":546.178,"event":"pilot_bank_complete","scene_index":7}
{"status": "PASS", "output": "/root/xunlian/Futaoran/\u6b63\u5f0f\u5f00\u59cb\u8bad\u7ec3/CSI-PAIRS-V5-V4-SPLIT-FIT-AUSTIN-RT-20260813T033500Z"}
