{"candidate_rank":0,"candidates_examined":1,"event":"asset_candidate_selected","required":4,"selected":1}
{"candidate_rank":1,"candidates_examined":2,"event":"asset_candidate_selected","required":4,"selected":2}
{"candidate_rank":2,"candidates_examined":3,"event":"asset_candidate_selected","required":4,"selected":3}
{"candidate_rank":3,"candidates_examined":4,"event":"asset_candidate_selected","required":4,"selected":4}
jit_cuda_api_init(): could not find symbol "cuInit" -- disabling CUDA backend!
jit_cuda_api_init(): could not find symbol "cuInit" -- disabling CUDA backend!
jit_cuda_api_init(): could not find symbol "cuInit" -- disabling CUDA backend!
jit_cuda_api_init(): could not find symbol "cuInit" -- disabling CUDA backend!
{"event":"formal_candidate_bank_started","scene_id":"osm-sionna-source-austin-bank-01","scene_index":5,"world_count":16}
{"event":"formal_candidate_bank_started","scene_id":"osm-sionna-source-austin-bank-03","scene_index":7,"world_count":16}
{"event":"formal_candidate_bank_started","scene_id":"osm-sionna-source-austin-bank-00","scene_index":4,"world_count":16}
{"event":"formal_candidate_bank_started","scene_id":"osm-sionna-source-austin-bank-02","scene_index":6,"world_count":16}
{"elapsed_seconds":23.75,"event":"formal_candidate_world_complete","scene_id":"osm-sionna-source-austin-bank-00","scene_index":4,"world_count":16,"world_index":0,"worlds_complete":1}
{"elapsed_seconds":30.894,"event":"formal_candidate_world_complete","scene_id":"osm-sionna-source-austin-bank-01","scene_index":5,"world_count":16,"world_index":0,"worlds_complete":1}
{"elapsed_seconds":35.327,"event":"formal_candidate_world_complete","scene_id":"osm-sionna-source-austin-bank-02","scene_index":6,"world_count":16,"world_index":0,"worlds_complete":1}
{"elapsed_seconds":36.574,"event":"formal_candidate_world_complete","scene_id":"osm-sionna-source-austin-bank-03","scene_index":7,"world_count":16,"world_index":0,"worlds_complete":1}
{"elapsed_seconds":44.891,"event":"formal_candidate_world_complete","scene_id":"osm-sionna-source-austin-bank-00","scene_index":4,"world_count":16,"world_index":1,"worlds_complete":2}
{"elapsed_seconds":58.926,"event":"formal_candidate_world_complete","scene_id":"osm-sionna-source-austin-bank-01","scene_index":5,"world_count":16,"world_index":1,"worlds_complete":2}
{"elapsed_seconds":65.989,"event":"formal_candidate_world_complete","scene_id":"osm-sionna-source-austin-bank-00","scene_index":4,"world_count":16,"world_index":2,"worlds_complete":3}
{"elapsed_seconds":67.522,"event":"formal_candidate_world_complete","scene_id":"osm-sionna-source-austin-bank-02","scene_index":6,"world_count":16,"world_index":1,"worlds_complete":2}
{"elapsed_seconds":70.822,"event":"formal_candidate_world_complete","scene_id":"osm-sionna-source-austin-bank-03","scene_index":7,"world_count":16,"world_index":1,"worlds_complete":2}
{"elapsed_seconds":87.015,"event":"formal_candidate_world_complete","scene_id":"osm-sionna-source-austin-bank-00","scene_index":4,"world_count":16,"world_index":3,"worlds_complete":4}
{"elapsed_seconds":87.329,"event":"formal_candidate_world_complete","scene_id":"osm-sionna-source-austin-bank-01","scene_index":5,"world_count":16,"world_index":2,"worlds_complete":3}
{"elapsed_seconds":100.389,"event":"formal_candidate_world_complete","scene_id":"osm-sionna-source-austin-bank-02","scene_index":6,"world_count":16,"world_index":2,"worlds_complete":3}
{"elapsed_seconds":105.439,"event":"formal_candidate_world_complete","scene_id":"osm-sionna-source-austin-bank-03","scene_index":7,"world_count":16,"world_index":2,"worlds_complete":3}
{"elapsed_seconds":108.652,"event":"formal_candidate_world_complete","scene_id":"osm-sionna-source-austin-bank-00","scene_index":4,"world_count":16,"world_index":4,"worlds_complete":5}
{"elapsed_seconds":115.78,"event":"formal_candidate_world_complete","scene_id":"osm-sionna-source-austin-bank-01","scene_index":5,"world_count":16,"world_index":3,"worlds_complete":4}
{"elapsed_seconds":129.574,"event":"formal_candidate_world_complete","scene_id":"osm-sionna-source-austin-bank-00","scene_index":4,"world_count":16,"world_index":5,"worlds_complete":6}
{"elapsed_seconds":132.741,"event":"formal_candidate_world_complete","scene_id":"osm-sionna-source-austin-bank-02","scene_index":6,"world_count":16,"world_index":3,"worlds_complete":4}
{"elapsed_seconds":139.249,"event":"formal_candidate_world_complete","scene_id":"osm-sionna-source-austin-bank-03","scene_index":7,"world_count":16,"world_index":3,"worlds_complete":4}
{"elapsed_seconds":143.99,"event":"formal_candidate_world_complete","scene_id":"osm-sionna-source-austin-bank-01","scene_index":5,"world_count":16,"world_index":4,"worlds_complete":5}
{"elapsed_seconds":150.514,"event":"formal_candidate_world_complete","scene_id":"osm-sionna-source-austin-bank-00","scene_index":4,"world_count":16,"world_index":6,"worlds_complete":7}
{"elapsed_seconds":165.214,"event":"formal_candidate_world_complete","scene_id":"osm-sionna-source-austin-bank-02","scene_index":6,"world_count":16,"world_index":4,"worlds_complete":5}
{"elapsed_seconds":171.57,"event":"formal_candidate_world_complete","scene_id":"osm-sionna-source-austin-bank-00","scene_index":4,"world_count":16,"world_index":7,"worlds_complete":8}
{"elapsed_seconds":171.952,"event":"formal_candidate_world_complete","scene_id":"osm-sionna-source-austin-bank-01","scene_index":5,"world_count":16,"world_index":5,"worlds_complete":6}
{"elapsed_seconds":173.21,"event":"formal_candidate_world_complete","scene_id":"osm-sionna-source-austin-bank-03","scene_index":7,"world_count":16,"world_index":4,"worlds_complete":5}
{"elapsed_seconds":192.543,"event":"formal_candidate_world_complete","scene_id":"osm-sionna-source-austin-bank-00","scene_index":4,"world_count":16,"world_index":8,"worlds_complete":9}
{"elapsed_seconds":197.62,"event":"formal_candidate_world_complete","scene_id":"osm-sionna-source-austin-bank-02","scene_index":6,"world_count":16,"world_index":5,"worlds_complete":6}
{"elapsed_seconds":200.174,"event":"formal_candidate_world_complete","scene_id":"osm-sionna-source-austin-bank-01","scene_index":5,"world_count":16,"world_index":6,"worlds_complete":7}
{"elapsed_seconds":207.206,"event":"formal_candidate_world_complete","scene_id":"osm-sionna-source-austin-bank-03","scene_index":7,"world_count":16,"world_index":5,"worlds_complete":6}
{"elapsed_seconds":213.672,"event":"formal_candidate_world_complete","scene_id":"osm-sionna-source-austin-bank-00","scene_index":4,"world_count":16,"world_index":9,"worlds_complete":10}
{"elapsed_seconds":228.317,"event":"formal_candidate_world_complete","scene_id":"osm-sionna-source-austin-bank-01","scene_index":5,"world_count":16,"world_index":7,"worlds_complete":8}
{"elapsed_seconds":230.045,"event":"formal_candidate_world_complete","scene_id":"osm-sionna-source-austin-bank-02","scene_index":6,"world_count":16,"world_index":6,"worlds_complete":7}
{"elapsed_seconds":234.582,"event":"formal_candidate_world_complete","scene_id":"osm-sionna-source-austin-bank-00","scene_index":4,"world_count":16,"world_index":10,"worlds_complete":11}
{"elapsed_seconds":241.222,"event":"formal_candidate_world_complete","scene_id":"osm-sionna-source-austin-bank-03","scene_index":7,"world_count":16,"world_index":6,"worlds_complete":7}
{"elapsed_seconds":255.533,"event":"formal_candidate_world_complete","scene_id":"osm-sionna-source-austin-bank-00","scene_index":4,"world_count":16,"world_index":11,"worlds_complete":12}
{"elapsed_seconds":256.434,"event":"formal_candidate_world_complete","scene_id":"osm-sionna-source-austin-bank-01","scene_index":5,"world_count":16,"world_index":8,"worlds_complete":9}
{"elapsed_seconds":262.553,"event":"formal_candidate_world_complete","scene_id":"osm-sionna-source-austin-bank-02","scene_index":6,"world_count":16,"world_index":7,"worlds_complete":8}
{"elapsed_seconds":275.319,"event":"formal_candidate_world_complete","scene_id":"osm-sionna-source-austin-bank-03","scene_index":7,"world_count":16,"world_index":7,"worlds_complete":8}
{"elapsed_seconds":276.563,"event":"formal_candidate_world_complete","scene_id":"osm-sionna-source-austin-bank-00","scene_index":4,"world_count":16,"world_index":12,"worlds_complete":13}
{"elapsed_seconds":284.496,"event":"formal_candidate_world_complete","scene_id":"osm-sionna-source-austin-bank-01","scene_index":5,"world_count":16,"world_index":9,"worlds_complete":10}
{"elapsed_seconds":294.988,"event":"formal_candidate_world_complete","scene_id":"osm-sionna-source-austin-bank-02","scene_index":6,"world_count":16,"world_index":8,"worlds_complete":9}
{"elapsed_seconds":297.732,"event":"formal_candidate_world_complete","scene_id":"osm-sionna-source-austin-bank-00","scene_index":4,"world_count":16,"world_index":13,"worlds_complete":14}
{"elapsed_seconds":309.552,"event":"formal_candidate_world_complete","scene_id":"osm-sionna-source-austin-bank-03","scene_index":7,"world_count":16,"world_index":8,"worlds_complete":9}
{"elapsed_seconds":312.796,"event":"formal_candidate_world_complete","scene_id":"osm-sionna-source-austin-bank-01","scene_index":5,"world_count":16,"world_index":10,"worlds_complete":11}
{"elapsed_seconds":318.95,"event":"formal_candidate_world_complete","scene_id":"osm-sionna-source-austin-bank-00","scene_index":4,"world_count":16,"world_index":14,"worlds_complete":15}
{"elapsed_seconds":327.357,"event":"formal_candidate_world_complete","scene_id":"osm-sionna-source-austin-bank-02","scene_index":6,"world_count":16,"world_index":9,"worlds_complete":10}
{"elapsed_seconds":340.017,"event":"formal_candidate_world_complete","scene_id":"osm-sionna-source-austin-bank-00","scene_index":4,"world_count":16,"world_index":15,"worlds_complete":16}
{"elapsed_seconds":340.838,"event":"formal_candidate_world_complete","scene_id":"osm-sionna-source-austin-bank-01","scene_index":5,"world_count":16,"world_index":11,"worlds_complete":12}
{"elapsed_seconds":341.543,"event":"pilot_bank_complete","scene_index":4}
{"elapsed_seconds":343.503,"event":"formal_candidate_world_complete","scene_id":"osm-sionna-source-austin-bank-03","scene_index":7,"world_count":16,"world_index":9,"worlds_complete":10}
{"elapsed_seconds":359.544,"event":"formal_candidate_world_complete","scene_id":"osm-sionna-source-austin-bank-02","scene_index":6,"world_count":16,"world_index":10,"worlds_complete":11}
{"elapsed_seconds":368.945,"event":"formal_candidate_world_complete","scene_id":"osm-sionna-source-austin-bank-01","scene_index":5,"world_count":16,"world_index":12,"worlds_complete":13}
{"elapsed_seconds":377.537,"event":"formal_candidate_world_complete","scene_id":"osm-sionna-source-austin-bank-03","scene_index":7,"world_count":16,"world_index":10,"worlds_complete":11}
{"elapsed_seconds":391.87,"event":"formal_candidate_world_complete","scene_id":"osm-sionna-source-austin-bank-02","scene_index":6,"world_count":16,"world_index":11,"worlds_complete":12}
{"elapsed_seconds":397.089,"event":"formal_candidate_world_complete","scene_id":"osm-sionna-source-austin-bank-01","scene_index":5,"world_count":16,"world_index":13,"worlds_complete":14}
{"elapsed_seconds":411.555,"event":"formal_candidate_world_complete","scene_id":"osm-sionna-source-austin-bank-03","scene_index":7,"world_count":16,"world_index":11,"worlds_complete":12}
{"elapsed_seconds":424.277,"event":"formal_candidate_world_complete","scene_id":"osm-sionna-source-austin-bank-02","scene_index":6,"world_count":16,"world_index":12,"worlds_complete":13}
{"elapsed_seconds":425.263,"event":"formal_candidate_world_complete","scene_id":"osm-sionna-source-austin-bank-01","scene_index":5,"world_count":16,"world_index":14,"worlds_complete":15}
{"elapsed_seconds":445.414,"event":"formal_candidate_world_complete","scene_id":"osm-sionna-source-austin-bank-03","scene_index":7,"world_count":16,"world_index":12,"worlds_complete":13}
{"elapsed_seconds":453.436,"event":"formal_candidate_world_complete","scene_id":"osm-sionna-source-austin-bank-01","scene_index":5,"world_count":16,"world_index":15,"worlds_complete":16}
{"elapsed_seconds":455.017,"event":"pilot_bank_complete","scene_index":5}
{"elapsed_seconds":456.561,"event":"formal_candidate_world_complete","scene_id":"osm-sionna-source-austin-bank-02","scene_index":6,"world_count":16,"world_index":13,"worlds_complete":14}
{"elapsed_seconds":479.424,"event":"formal_candidate_world_complete","scene_id":"osm-sionna-source-austin-bank-03","scene_index":7,"world_count":16,"world_index":13,"worlds_complete":14}
{"elapsed_seconds":488.898,"event":"formal_candidate_world_complete","scene_id":"osm-sionna-source-austin-bank-02","scene_index":6,"world_count":16,"world_index":14,"worlds_complete":15}
{"elapsed_seconds":513.301,"event":"formal_candidate_world_complete","scene_id":"osm-sionna-source-austin-bank-03","scene_index":7,"world_count":16,"world_index":14,"worlds_complete":15}
{"elapsed_seconds":521.141,"event":"formal_candidate_world_complete","scene_id":"osm-sionna-source-austin-bank-02","scene_index":6,"world_count":16,"world_index":15,"worlds_complete":16}
{"elapsed_seconds":522.72,"event":"pilot_bank_complete","scene_index":6}
{"elapsed_seconds":547.089,"event":"formal_candidate_world_complete","scene_id":"osm-sionna-source-austin-bank-03","scene_index":7,"world_count":16,"world_index":15,"worlds_complete":16}
{"elapsed_seconds":548.608,"event":"pilot_bank_complete","scene_index":7}
{"status": "PASS", "output": "/root/xunlian/Futaoran/\u6b63\u5f0f\u5f00\u59cb\u8bad\u7ec3/CSI-PAIRS-V5-V3-SELECTION-FIX-AUSTIN-RT-20260813T013533Z"}
